w25qxx.c:15:20:CS_ENABLE	8	static
w25qxx.c:19:20:CS_DESABLE	8	static
w25qxx.c:26:13:W25qxx_Delay	16	static,ignoring_inline_asm
w25qxx.c:36:16:W25qxx_Spi	32	static
w25qxx.c:44:10:W25qxx_ReadID	24	static
w25qxx.c:57:6:W25qxx_ReadUniqID	24	static
w25qxx.c:68:6:W25qxx_WriteEnable	8	static
w25qxx.c:75:6:W25qxx_WriteDisable	8	static
w25qxx.c:82:9:W25qxx_ReadStatusRegister	24	static
w25qxx.c:109:6:W25qxx_WriteStatusRegister	16	static
w25qxx.c:133:6:W25qxx_WaitForWriteEnd	8	static
w25qxx.c:145:6:W25qxx_Init	32	static
w25qxx.c:231:6:W25qxx_EraseChip	8	static
w25qxx.c:242:6:W25qxx_EraseSector	16	static
w25qxx.c:259:6:W25qxx_EraseBlock	16	static
w25qxx.c:276:10:W25qxx_PageToSector	16	static
w25qxx.c:281:10:W25qxx_PageToBlock	16	static
w25qxx.c:286:10:W25qxx_SectorToBlock	16	static
w25qxx.c:291:10:W25qxx_SectorToPage	16	static
w25qxx.c:296:10:W25qxx_BlockToPage	16	static
w25qxx.c:301:6:W25qxx_IsEmptyPage	72	static
w25qxx.c:360:6:W25qxx_IsEmptySector	72	static
w25qxx.c:418:6:W25qxx_IsEmptyBlock	72	static
w25qxx.c:476:6:W25qxx_WriteByte	16	static
w25qxx.c:494:6:W25qxx_WritePage	24	static
w25qxx.c:518:6:W25qxx_WriteSector	40	static
w25qxx.c:551:6:W25qxx_WriteBlock	40	static
w25qxx.c:583:6:W25qxx_ReadByte	16	static
w25qxx.c:599:6:W25qxx_ReadBytes	24	static
w25qxx.c:615:6:W25qxx_ReadPage	24	static
w25qxx.c:638:6:W25qxx_ReadSector	40	static
w25qxx.c:670:6:W25qxx_ReadBlock	40	static
